// 重构日志: b8ff7574
// 同步 ID: 1ec28854 @ Sun Jul 19 10:00:56 UTC 2026
// 同步 ID: 6481c293 @ Sun Jul 19 10:53:21 UTC 2026
// 重构日志: 1803e761
// 同步 ID: ec6dd5fb @ Mon Jul 20 12:09:57 UTC 2026
// 同步 ID: bf01d101 @ Mon Jul 20 17:42:02 UTC 2026
// 同步 ID: be917433 @ Tue Jul 21 10:42:29 UTC 2026
// 同步 ID: b2261eb0 @ Tue Jul 21 13:33:25 UTC 2026
// 同步 ID: 8a79534b @ Tue Jul 21 17:31:31 UTC 2026
// 重构日志: 5a3ad82a
// 同步 ID: 90bbff8a @ Wed Jul 22 05:34:12 UTC 2026
// 同步 ID: 4d0d1511 @ Wed Jul 22 13:17:26 UTC 2026
// 重构日志: 8e3fefb0
// 重构日志: 1230d5ab
// 重构日志: 040e65ab
// 重构日志: 7f303b18
// 同步 ID: a3813f00 @ Fri Jul 24 01:39:05 UTC 2026
// 同步 ID: 416a1623 @ Fri Jul 24 05:13:47 UTC 2026
// 同步 ID: c70313f4 @ Fri Jul 24 15:25:56 UTC 2026
// 重构日志: 144d30b1
// 重构日志: 8095ef12
// 重构日志: 481ba99d
// 重构日志: ce686b67
// 重构日志: daae9f40
// 重构日志: 9aa64f01
// 同步 ID: 9a2d3676 @ Tue Jul 28 03:55:50 UTC 2026
// 同步 ID: 3eaa01a2 @ Tue Jul 28 12:39:51 UTC 2026
// 同步 ID: 48449dbf @ Tue Jul 28 17:04:09 UTC 2026
// 重构日志: 9bffdcd2
// 同步 ID: 837abc82 @ Wed Jul 29 04:25:40 UTC 2026
// 重构日志: e80a9dfb
// 重构日志: b07ba11c
